[slam_stream] time-source=header domain=colour header stamp offset_ns=0 non_monotonic=0
[slam_stream] /Users/user/Documents/DefenseMeta/Dataset/260901_cbnu_bigeightcircle/SLAM/SLAM_0.db3 | 9445 frames | color 640x480 fx=385.238 | depth fx=385.238 | t=(0.000000,0.000000,0.000000) | units=0.001
[slam_stream] converted bag: 9445 pairs (inexact 0, max dt 0.000 ms, unpaired colour 0 depth 0) K fx=385.238 fy=384.667 cx=320.789 cy=243.438 D=[-0.055259 0.068334 -0.000608 -0.000944 -0.022290] plumb_bob, depth pre-aligned
[slam_stream] gyro aid: /Users/user/Documents/DefenseMeta/Dataset/260901_cbnu_bigeightcircle/imu/xsens_20260901_165918.db3 /xsens/imu/data | 63013 samples 200.0 Hz | start bias (rig, camera frame) -0.00064 0.00167 -0.00141 rad/s | zero-rate update on | imu-cam -2.74 ms
[slam_stream] settings override Gyro.Use: 1

ORB-SLAM3 Copyright (C) 2017-2020 Carlos Campos, Richard Elvira, Juan J. Gómez, José M.M. Montiel and Juan D. Tardós, University of Zaragoza.
ORB-SLAM2 Copyright (C) 2014-2016 Raúl Mur-Artal, José M.M. Montiel and Juan D. Tardós, University of Zaragoza.
This program comes with ABSOLUTELY NO WARRANTY;
This is free software, and you are welcome to redistribute it
under certain conditions. See LICENSE.txt.

Input sensor was set to: RGB-D
Loading settings from /tmp/slam_stream_31126_settings.yaml
	-Loaded camera 1
Camera.newHeight optional parameter does not exist...
Camera.newWidth optional parameter does not exist...
	-Loaded image info
	-Loaded RGB-D calibration
	-Loaded ORB settings
Viewer.imageViewScale optional parameter does not exist...
	-Loaded viewer settings
System.LoadAtlasFromFile optional parameter does not exist...
System.SaveAtlasToFile optional parameter does not exist...
	-Loaded Atlas settings
System.thFarPoints optional parameter does not exist...
	-Loaded misc parameters
----------------------------------
SLAM settings: 
	-Camera 1 parameters (Pinhole): [ 385.238 384.667 320.789 243.438 ]
	-Camera 1 distortion parameters: [  -0.055259 0.068334 -0.000608 -0.000944 -0.02229 ]
	-Original image size: [ 640 , 480 ]
	-Current image size: [ 640 , 480 ]
	-Sequence FPS: 30
	-RGB-D depth map factor: 1000
	-Features per image: 4000
	-ORB scale factor: 1.2
	-ORB number of scales: 8
	-Initial FAST threshold: 20
	-Min FAST threshold: 7


Loading ORB Vocabulary. This could take a while...
Vocabulary loaded!

Initialization of Atlas from scratch 
Creation of new map with id: 0
Creation of new map with last KF id: 0
Seq. Name: 
Gyro aid: on, sigma frame 0.0005 rad, keyframe 0.0005 rad + 0.0002 rad/sqrt(s) + 0.0001 rad/s + 0.001 x angle, max gap 10 s
There are 1 cameras in the atlas
Camera 0 is pinhole
First KF:0; Map init KF:0
New Map created with 3445 points
[slam_stream] gyro bias update #1 at 3.00 s: bias (camera frame) -0.00061 0.00173 -0.00133 rad/s
[slam_stream] gyro bias update #2 at 6.03 s: bias (camera frame) -0.00055 0.00166 -0.00127 rad/s
[slam_stream] gyro bias update #3 at 9.07 s: bias (camera frame) -0.00061 0.00178 -0.00129 rad/s
[slam_stream] gyro bias update #4 at 12.10 s: bias (camera frame) -0.00060 0.00168 -0.00131 rad/s
[slam_stream] gyro bias update #5 at 15.14 s: bias (camera frame) -0.00059 0.00167 -0.00126 rad/s
[slam_stream] 500/9445 ok=500 track mean 12.60 ms
[slam_stream] gyro bias update #6 at 18.17 s: bias (camera frame) -0.00058 0.00165 -0.00127 rad/s
[slam_stream] gyro bias update #7 at 21.21 s: bias (camera frame) -0.00063 0.00174 -0.00124 rad/s
[slam_stream] gyro bias update #8 at 24.24 s: bias (camera frame) -0.00059 0.00170 -0.00123 rad/s
[slam_stream] gyro bias update #9 at 27.27 s: bias (camera frame) -0.00059 0.00173 -0.00124 rad/s
[slam_stream] 1000/9445 ok=1000 track mean 11.79 ms
[slam_stream] gyro bias update #10 at 49.18 s: bias (camera frame) -0.00061 0.00166 -0.00124 rad/s
[slam_stream] 1500/9445 ok=1500 track mean 11.83 ms
[slam_stream] gyro bias update #11 at 52.21 s: bias (camera frame) -0.00066 0.00158 -0.00121 rad/s
[slam_stream] gyro bias update #12 at 55.25 s: bias (camera frame) -0.00068 0.00155 -0.00121 rad/s
[slam_stream] 2000/9445 ok=2000 track mean 11.71 ms
[slam_stream] gyro bias update #13 at 70.82 s: bias (camera frame) -0.00067 0.00162 -0.00123 rad/s
[slam_stream] gyro bias update #14 at 73.85 s: bias (camera frame) -0.00070 0.00165 -0.00121 rad/s
[slam_stream] gyro bias update #15 at 76.89 s: bias (camera frame) -0.00069 0.00168 -0.00121 rad/s
[slam_stream] gyro bias update #16 at 79.92 s: bias (camera frame) -0.00069 0.00170 -0.00118 rad/s
[slam_stream] 2500/9445 ok=2500 track mean 11.43 ms
[slam_stream] 3000/9445 ok=3000 track mean 11.10 ms
[slam_stream] gyro bias update #17 at 100.16 s: bias (camera frame) -0.00068 0.00171 -0.00117 rad/s
[slam_stream] gyro bias update #18 at 103.19 s: bias (camera frame) -0.00065 0.00175 -0.00118 rad/s
*Loop detected
LOOP_GAP|cur_id=248|matched_id=2|ts_cur=1788249690.080644|ts_matched=1788249586.255254|cur_xyz=-0.000848,0.081862,-0.290588|matched_xyz=0.000227,0.037072,0.636398|gap_m=0.928069|sim3t=-0.173553,0.016304,0.227927|sim3_scale=1.000000
Local Mapping STOP
Local Mapping RELEASE
Local Mapping STOP
Local Mapping RELEASE
[slam_stream] 3500/9445 ok=3500 track mean 11.02 ms
[slam_stream] gyro bias update #19 at 124.30 s: bias (camera frame) -0.00064 0.00176 -0.00120 rad/s
[slam_stream] gyro bias update #20 at 127.33 s: bias (camera frame) -0.00063 0.00178 -0.00121 rad/s
[slam_stream] gyro bias update #21 at 130.36 s: bias (camera frame) -0.00060 0.00180 -0.00125 rad/s
[slam_stream] 4000/9445 ok=4000 track mean 11.44 ms
[slam_stream] gyro bias update #22 at 145.60 s: bias (camera frame) -0.00061 0.00178 -0.00124 rad/s
[slam_stream] 4500/9445 ok=4500 track mean 11.67 ms
[slam_stream] 5000/9445 ok=5000 track mean 11.91 ms
[slam_stream] gyro bias update #23 at 175.78 s: bias (camera frame) -0.00061 0.00180 -0.00126 rad/s
[slam_stream] gyro bias update #24 at 178.81 s: bias (camera frame) -0.00062 0.00183 -0.00129 rad/s
[slam_stream] 5500/9445 ok=5500 track mean 12.01 ms
[slam_stream] 6000/9445 ok=6000 track mean 12.16 ms
[slam_stream] gyro bias update #25 at 200.88 s: bias (camera frame) -0.00062 0.00185 -0.00127 rad/s
[slam_stream] gyro bias update #26 at 213.42 s: bias (camera frame) -0.00066 0.00185 -0.00125 rad/s
[slam_stream] gyro bias update #27 at 216.45 s: bias (camera frame) -0.00068 0.00187 -0.00125 rad/s
[slam_stream] 6500/9445 ok=6500 track mean 12.26 ms
[slam_stream] 7000/9445 ok=7000 track mean 12.25 ms
[slam_stream] 7500/9445 ok=7500 track mean 12.33 ms
[slam_stream] 8000/9445 ok=8000 track mean 12.55 ms
[slam_stream] gyro bias update #28 at 269.26 s: bias (camera frame) -0.00077 0.00179 -0.00125 rad/s
[slam_stream] gyro bias update #29 at 272.30 s: bias (camera frame) -0.00086 0.00186 -0.00126 rad/s
[slam_stream] 8500/9445 ok=8500 track mean 12.75 ms
[slam_stream] 9000/9445 ok=9000 track mean 12.76 ms
[slam_stream] gyro bias update #30 at 310.44 s: bias (camera frame) -0.00084 0.00185 -0.00126 rad/s
[slam_stream] gyro bias update #31 at 313.48 s: bias (camera frame) -0.00082 0.00184 -0.00127 rad/s
[slam_stream] done: 9445 processed, 9445 ok, wall 315.0 s
[slam_stream] gyro aid: 9445 frames with gyro, 0 without | 18888 pose priors, 21669 keyframe edges | 31 zero-rate updates, final bias -0.00082 0.00184 -0.00127 rad/s
Shutdown
Shutdown: waiting for background threads (localMapper=busy, loopCloser=busy, GBA=idle) ...
Shutdown: background threads stopped after 500 ms.

Saving camera trajectory to /Users/user/Documents/DefenseMeta/CLI_environment/objpose/rt/260901/bigeight/Userui-MacBookPro/gyro_run1_tum.txt.optimized.txt ...
