[slam_stream] time-source=header domain=colour header stamp offset_ns=0 non_monotonic=0
[slam_stream] /Users/user/Documents/DefenseMeta/Dataset/260901_cbnu_bigeightcircle/SLAM/SLAM_0.db3 | 9445 frames | color 640x480 fx=385.238 | depth fx=385.238 | t=(0.000000,0.000000,0.000000) | units=0.001
[slam_stream] converted bag: 9445 pairs (inexact 0, max dt 0.000 ms, unpaired colour 0 depth 0) K fx=385.238 fy=384.667 cx=320.789 cy=243.438 D=[-0.055259 0.068334 -0.000608 -0.000944 -0.022290] plumb_bob, depth pre-aligned

ORB-SLAM3 Copyright (C) 2017-2020 Carlos Campos, Richard Elvira, Juan J. Gómez, José M.M. Montiel and Juan D. Tardós, University of Zaragoza.
ORB-SLAM2 Copyright (C) 2014-2016 Raúl Mur-Artal, José M.M. Montiel and Juan D. Tardós, University of Zaragoza.
This program comes with ABSOLUTELY NO WARRANTY;
This is free software, and you are welcome to redistribute it
under certain conditions. See LICENSE.txt.

Input sensor was set to: RGB-D
Loading settings from /tmp/slam_stream_44554_settings.yaml
	-Loaded camera 1
Camera.newHeight optional parameter does not exist...
Camera.newWidth optional parameter does not exist...
	-Loaded image info
	-Loaded RGB-D calibration
	-Loaded ORB settings
Viewer.imageViewScale optional parameter does not exist...
	-Loaded viewer settings
System.LoadAtlasFromFile optional parameter does not exist...
System.SaveAtlasToFile optional parameter does not exist...
	-Loaded Atlas settings
System.thFarPoints optional parameter does not exist...
	-Loaded misc parameters
----------------------------------
SLAM settings: 
	-Camera 1 parameters (Pinhole): [ 385.238 384.667 320.789 243.438 ]
	-Camera 1 distortion parameters: [  -0.055259 0.068334 -0.000608 -0.000944 -0.02229 ]
	-Original image size: [ 640 , 480 ]
	-Current image size: [ 640 , 480 ]
	-Sequence FPS: 30
	-RGB-D depth map factor: 1000
	-Features per image: 4000
	-ORB scale factor: 1.2
	-ORB number of scales: 8
	-Initial FAST threshold: 20
	-Min FAST threshold: 7


Loading ORB Vocabulary. This could take a while...
Vocabulary loaded!

Initialization of Atlas from scratch 
Creation of new map with id: 0
Creation of new map with last KF id: 0
Seq. Name: 
There are 1 cameras in the atlas
Camera 0 is pinhole
First KF:0; Map init KF:0
New Map created with 3445 points
[slam_stream] 500/9445 ok=500 track mean 12.96 ms
[slam_stream] 1000/9445 ok=1000 track mean 11.98 ms
[slam_stream] 1500/9445 ok=1500 track mean 12.10 ms
[slam_stream] 2000/9445 ok=2000 track mean 11.93 ms
[slam_stream] 2500/9445 ok=2500 track mean 11.63 ms
[slam_stream] 3000/9445 ok=3000 track mean 11.30 ms
*Loop detected
LOOP_GAP|cur_id=262|matched_id=1|ts_cur=1788249689.780562|ts_matched=1788249586.221915|cur_xyz=0.000371,0.115700,-0.335182|matched_xyz=0.001640,0.037763,0.636156|gap_m=0.974460|sim3t=-0.186322,0.001607,0.236757|sim3_scale=1.000000
Local Mapping STOP
Local Mapping RELEASE
Local Mapping STOP
Local Mapping RELEASE
[slam_stream] 3500/9445 ok=3500 track mean 11.23 ms
[slam_stream] 4000/9445 ok=4000 track mean 11.66 ms
[slam_stream] 4500/9445 ok=4500 track mean 11.89 ms
[slam_stream] 5000/9445 ok=5000 track mean 12.16 ms
[slam_stream] 5500/9445 ok=5500 track mean 12.27 ms
[slam_stream] 6000/9445 ok=6000 track mean 12.42 ms
[slam_stream] 6500/9445 ok=6500 track mean 12.53 ms
[slam_stream] 7000/9445 ok=7000 track mean 12.59 ms
[slam_stream] 7500/9445 ok=7500 track mean 12.69 ms
[slam_stream] 8000/9445 ok=8000 track mean 12.93 ms
[slam_stream] 8500/9445 ok=8500 track mean 13.14 ms
[slam_stream] 9000/9445 ok=9000 track mean 13.18 ms
[slam_stream] done: 9445 processed, 9445 ok, wall 315.0 s
Shutdown
Shutdown: waiting for background threads (localMapper=busy, loopCloser=busy, GBA=idle) ...
Shutdown: background threads stopped after 5 ms.

Saving camera trajectory to /Users/user/Documents/DefenseMeta/CLI_environment/objpose/rt/260901/bigeight/Userui-MacBookPro/base_run1_tum.txt.optimized.txt ...
