[slam_stream] time-source=header domain=colour header stamp offset_ns=0 non_monotonic=0
[slam_stream] /Users/user/Documents/DefenseMeta/Dataset/260901_cbnu_eightcircle/SLAM/SLAM_0.db3 | 4551 frames | color 640x480 fx=385.134 | depth fx=385.134 | t=(0.000000,0.000000,0.000000) | units=0.001
[slam_stream] converted bag: 4551 pairs (inexact 0, max dt 0.000 ms, unpaired colour 0 depth 0) K fx=385.134 fy=384.563 cx=320.789 cy=243.438 D=[-0.055259 0.068334 -0.000608 -0.000944 -0.022290] plumb_bob, depth pre-aligned
[slam_stream] gyro aid: /Users/user/Documents/DefenseMeta/Dataset/260901_cbnu_eightcircle/imu/xsens_20260901_121642.db3 /xsens/imu/data | 30346 samples 200.0 Hz | start bias (rig, camera frame) -0.00064 0.00167 -0.00141 rad/s | zero-rate update on | imu-cam -2.74 ms
[slam_stream] settings override Gyro.Use: 1

ORB-SLAM3 Copyright (C) 2017-2020 Carlos Campos, Richard Elvira, Juan J. Gómez, José M.M. Montiel and Juan D. Tardós, University of Zaragoza.
ORB-SLAM2 Copyright (C) 2014-2016 Raúl Mur-Artal, José M.M. Montiel and Juan D. Tardós, University of Zaragoza.
This program comes with ABSOLUTELY NO WARRANTY;
This is free software, and you are welcome to redistribute it
under certain conditions. See LICENSE.txt.

Input sensor was set to: RGB-D
Loading settings from /tmp/slam_stream_3045_settings.yaml
	-Loaded camera 1
Camera.newHeight optional parameter does not exist...
Camera.newWidth optional parameter does not exist...
	-Loaded image info
	-Loaded RGB-D calibration
	-Loaded ORB settings
Viewer.imageViewScale optional parameter does not exist...
	-Loaded viewer settings
System.LoadAtlasFromFile optional parameter does not exist...
System.SaveAtlasToFile optional parameter does not exist...
	-Loaded Atlas settings
System.thFarPoints optional parameter does not exist...
	-Loaded misc parameters
----------------------------------
SLAM settings: 
	-Camera 1 parameters (Pinhole): [ 385.134 384.563 320.789 243.438 ]
	-Camera 1 distortion parameters: [  -0.055259 0.068334 -0.000608 -0.000944 -0.02229 ]
	-Original image size: [ 640 , 480 ]
	-Current image size: [ 640 , 480 ]
	-Sequence FPS: 30
	-RGB-D depth map factor: 1000
	-Features per image: 4000
	-ORB scale factor: 1.2
	-ORB number of scales: 8
	-Initial FAST threshold: 20
	-Min FAST threshold: 7


Loading ORB Vocabulary. This could take a while...
Vocabulary loaded!

Initialization of Atlas from scratch 
Creation of new map with id: 0
Creation of new map with last KF id: 0
Seq. Name: 
Gyro aid: on, sigma frame 0.0005 rad, keyframe 0.0005 rad + 0.0002 rad/sqrt(s) + 0.0001 rad/s + 0.001 x angle, max gap 10 s
There are 1 cameras in the atlas
Camera 0 is pinhole
First KF:0; Map init KF:0
New Map created with 3638 points
[slam_stream] gyro bias update #1 at 3.03 s: bias (camera frame) -0.00067 0.00160 -0.00128 rad/s
[slam_stream] gyro bias update #2 at 6.07 s: bias (camera frame) -0.00068 0.00152 -0.00133 rad/s
[slam_stream] gyro bias update #3 at 9.10 s: bias (camera frame) -0.00069 0.00155 -0.00130 rad/s
[slam_stream] gyro bias update #4 at 12.14 s: bias (camera frame) -0.00064 0.00156 -0.00128 rad/s
[slam_stream] gyro bias update #5 at 15.17 s: bias (camera frame) -0.00064 0.00161 -0.00126 rad/s
[slam_stream] 500/4551 ok=500 track mean 13.22 ms
[slam_stream] gyro bias update #6 at 18.20 s: bias (camera frame) -0.00071 0.00160 -0.00122 rad/s
[slam_stream] 1000/4551 ok=1000 track mean 12.42 ms
[slam_stream] gyro bias update #7 at 37.04 s: bias (camera frame) -0.00082 0.00172 -0.00117 rad/s
[slam_stream] gyro bias update #8 at 40.08 s: bias (camera frame) -0.00071 0.00177 -0.00119 rad/s
[slam_stream] 1500/4551 ok=1500 track mean 11.40 ms
*Loop detected
GYRO_LOOP_CHECK|cur_id=165|matched_id=2|dt_s=43.110|loop_vs_gyro_deg=1.196|current_vs_gyro_deg=1.458|limit_deg=3.862|verdict=ok
LOOP_GAP|cur_id=165|matched_id=2|ts_cur=1788232673.592981|ts_matched=1788232630.482943|cur_xyz=0.071532,0.046774,-0.245294|matched_xyz=0.005479,0.041212,0.755384|gap_m=1.002871|sim3t=-0.216188,0.012164,0.154259|sim3_scale=1.000000
Local Mapping STOP
Local Mapping RELEASE
Local Mapping STOP
Local Mapping RELEASE
[slam_stream] 2000/4551 ok=2000 track mean 12.15 ms
[slam_stream] 2500/4551 ok=2500 track mean 12.47 ms
[slam_stream] gyro bias update #9 at 83.85 s: bias (camera frame) -0.00071 0.00185 -0.00123 rad/s
[slam_stream] gyro bias update #10 at 86.89 s: bias (camera frame) -0.00073 0.00189 -0.00125 rad/s
[slam_stream] 3000/4551 ok=3000 track mean 13.00 ms
[slam_stream] 3500/4551 ok=3500 track mean 13.23 ms
[slam_stream] gyro bias update #11 at 132.23 s: bias (camera frame) -0.00069 0.00193 -0.00122 rad/s
[slam_stream] 4000/4551 ok=4000 track mean 13.46 ms
[slam_stream] gyro bias update #12 at 148.44 s: bias (camera frame) -0.00066 0.00193 -0.00122 rad/s
[slam_stream] 4500/4551 ok=4500 track mean 13.59 ms
[slam_stream] gyro bias update #13 at 151.47 s: bias (camera frame) -0.00067 0.00192 -0.00124 rad/s
[slam_stream] done: 4551 processed, 4551 ok, wall 151.7 s
[slam_stream] gyro aid: 4550 frames with gyro, 1 without | 9098 pose priors, 13084 keyframe edges | 13 zero-rate updates, final bias -0.00067 0.00192 -0.00124 rad/s
Shutdown
Shutdown: waiting for background threads (localMapper=busy, loopCloser=busy, GBA=idle) ...
Shutdown: background threads stopped after 310 ms.

Saving camera trajectory to /Users/user/Documents/DefenseMeta/CLI_environment/objpose/rt/260901/bigeight/Userui-MacBookPro/260901_cbnu_eightcircle/gyro_run2_tum.txt.optimized.txt ...
