[slam_stream] time-source=header domain=colour header stamp offset_ns=0 non_monotonic=0
[slam_stream] /Users/user/Documents/DefenseMeta/Dataset/260901_cbnu_longcircle/SLAM/SLAM_0.db3 | 4056 frames | color 640x480 fx=385.029 | depth fx=385.029 | t=(0.000000,0.000000,0.000000) | units=0.001
[slam_stream] converted bag: 4056 pairs (inexact 0, max dt 0.000 ms, unpaired colour 0 depth 0) K fx=385.029 fy=384.459 cx=320.789 cy=243.438 D=[-0.055259 0.068334 -0.000608 -0.000944 -0.022290] plumb_bob, depth pre-aligned
[slam_stream] gyro aid: /Users/user/Documents/DefenseMeta/Dataset/260901_cbnu_longcircle/imu/xsens_20260901_143525.db3 /xsens/imu/data | 27043 samples 200.0 Hz | start bias (rig, camera frame) -0.00064 0.00167 -0.00141 rad/s | zero-rate update on | imu-cam -2.74 ms
[slam_stream] settings override Gyro.Use: 1

ORB-SLAM3 Copyright (C) 2017-2020 Carlos Campos, Richard Elvira, Juan J. Gómez, José M.M. Montiel and Juan D. Tardós, University of Zaragoza.
ORB-SLAM2 Copyright (C) 2014-2016 Raúl Mur-Artal, José M.M. Montiel and Juan D. Tardós, University of Zaragoza.
This program comes with ABSOLUTELY NO WARRANTY;
This is free software, and you are welcome to redistribute it
under certain conditions. See LICENSE.txt.

Input sensor was set to: RGB-D
Loading settings from /tmp/slam_stream_92964_settings.yaml
	-Loaded camera 1
Camera.newHeight optional parameter does not exist...
Camera.newWidth optional parameter does not exist...
	-Loaded image info
	-Loaded RGB-D calibration
	-Loaded ORB settings
Viewer.imageViewScale optional parameter does not exist...
	-Loaded viewer settings
System.LoadAtlasFromFile optional parameter does not exist...
System.SaveAtlasToFile optional parameter does not exist...
	-Loaded Atlas settings
System.thFarPoints optional parameter does not exist...
	-Loaded misc parameters
----------------------------------
SLAM settings: 
	-Camera 1 parameters (Pinhole): [ 385.029 384.459 320.789 243.438 ]
	-Camera 1 distortion parameters: [  -0.055259 0.068334 -0.000608 -0.000944 -0.02229 ]
	-Original image size: [ 640 , 480 ]
	-Current image size: [ 640 , 480 ]
	-Sequence FPS: 30
	-RGB-D depth map factor: 1000
	-Features per image: 4000
	-ORB scale factor: 1.2
	-ORB number of scales: 8
	-Initial FAST threshold: 20
	-Min FAST threshold: 7


Loading ORB Vocabulary. This could take a while...
Vocabulary loaded!

Initialization of Atlas from scratch 
Creation of new map with id: 0
Creation of new map with last KF id: 0
Seq. Name: 
Gyro aid: on, sigma frame 0.0005 rad, keyframe 0.0005 rad + 0.0002 rad/sqrt(s) + 0.0001 rad/s + 0.001 x angle, max gap 10 s
There are 1 cameras in the atlas
Camera 0 is pinhole
First KF:0; Map init KF:0
New Map created with 3600 points
[slam_stream] gyro bias update #1 at 3.00 s: bias (camera frame) -0.00060 0.00174 -0.00132 rad/s
[slam_stream] gyro bias update #2 at 8.07 s: bias (camera frame) -0.00074 0.00165 -0.00135 rad/s
[slam_stream] gyro bias update #3 at 11.10 s: bias (camera frame) -0.00077 0.00175 -0.00132 rad/s
[slam_stream] 500/4056 ok=500 track mean 14.19 ms
[slam_stream] 1000/4056 ok=1000 track mean 12.28 ms
*Loop detected
LOOP_GAP|cur_id=166|matched_id=1|ts_cur=1788240984.574432|ts_matched=1788240951.266033|cur_xyz=-0.035154,0.119203,0.242916|matched_xyz=0.027091,0.031590,0.557431|gap_m=0.332371|sim3t=0.244657,-0.009135,-0.160290|sim3_scale=1.000000
Local Mapping STOP
Local Mapping RELEASE
Local Mapping STOP
Local Mapping RELEASE
[slam_stream] gyro bias update #4 at 45.14 s: bias (camera frame) -0.00067 0.00188 -0.00136 rad/s
[slam_stream] 1500/4056 ok=1500 track mean 12.38 ms
[slam_stream] 2000/4056 ok=2000 track mean 12.95 ms
[slam_stream] gyro bias update #5 at 78.25 s: bias (camera frame) -0.00064 0.00193 -0.00136 rad/s
[slam_stream] 2500/4056 ok=2500 track mean 12.74 ms
[slam_stream] gyro bias update #6 at 90.52 s: bias (camera frame) -0.00059 0.00202 -0.00139 rad/s
[slam_stream] 3000/4056 ok=3000 track mean 13.24 ms
[slam_stream] gyro bias update #7 at 106.43 s: bias (camera frame) -0.00057 0.00201 -0.00136 rad/s
[slam_stream] 3500/4056 ok=3500 track mean 13.17 ms
[slam_stream] gyro bias update #8 at 126.06 s: bias (camera frame) -0.00052 0.00200 -0.00137 rad/s
[slam_stream] gyro bias update #9 at 129.10 s: bias (camera frame) -0.00051 0.00199 -0.00138 rad/s
[slam_stream] gyro bias update #10 at 132.13 s: bias (camera frame) -0.00053 0.00197 -0.00137 rad/s
[slam_stream] 4000/4056 ok=4000 track mean 13.82 ms
[slam_stream] gyro bias update #11 at 135.17 s: bias (camera frame) -0.00054 0.00197 -0.00138 rad/s
[slam_stream] done: 4056 processed, 4056 ok, wall 135.2 s
[slam_stream] gyro aid: 4056 frames with gyro, 0 without | 8110 pose priors, 15175 keyframe edges | 11 zero-rate updates, final bias -0.00054 0.00197 -0.00138 rad/s
Shutdown
Shutdown: waiting for background threads (localMapper=busy, loopCloser=busy, GBA=idle) ...
Shutdown: background threads stopped after 50 ms.

Saving camera trajectory to /Users/user/Documents/DefenseMeta/CLI_environment/objpose/rt/260901/bigeight/Userui-MacBookPro/260901_cbnu_longcircle/gyro_run2_tum.txt.optimized.txt ...
